.\gradlew.bat :  
En línea: 1 Carácter: 1
+ .\gradlew.bat assembleDebug --no-daemon 2>&1 | Tee-Object -FilePath b ...
+ ~~~~~~~~~~~~~~~~~~~~~~~~~~~~~~~~~~~~~~~~~~~~
    + CategoryInfo          : NotSpecified: ( :String) [], RemoteException
    + FullyQualifiedErrorId : NativeCommandError
 
ERROR: JAVA_HOME is not set and no 'java' command could be found in your PATH. 
 
Please set the JAVA_HOME variable in your environment to match the 
location of your Java installation. 
